📂 Input: C:\PROGETTI\mifidodite\picodg
📂 Output: C:\PROGETTI\mifidodite\app\public\img\stock
🖼  51 immagini trovate

[  3/51] ⚙  beautiful-dog-golden-retriever-labrador-in-autumn-2026-03-16-22-37-08-utc.jpg → resize...
[  1/51] ⚙  a-closeup-shot-of-a-cat-under-green-leaves-2026-01-11-09-04-34-utc.jpg → resize...
[  2/51] ⚙  beagle-dog-running-through-green-field-2026-01-05-05-45-41-utc.jpg → resize...
[  2/51] 🧠 beagle-dog-running-through-green-field-2026-01-05-05-45-41-utc.jpg → classify...
[  1/51] 🧠 a-closeup-shot-of-a-cat-under-green-leaves-2026-01-11-09-04-34-utc.jpg → classify...
[  3/51] 🧠 beautiful-dog-golden-retriever-labrador-in-autumn-2026-03-16-22-37-08-utc.jpg → classify...
[  3/51] ✓  beautiful-dog-golden-retriever-labrador-in-autumn-2026-03-16-22-37-08-utc → cani (alta)
[  4/51] ⚙  border-collie-portrait-on-black-2026-03-09-08-44-55-utc.jpg → resize...
[  1/51] ✓  a-closeup-shot-of-a-cat-under-green-leaves-2026-01-11-09-04-34-utc → gatti (alta)
[  5/51] ⚙  cat-kitten-and-dog-with-happy-expression-together-2026-03-09-07-56-55-utc.jpg → resize...
[  2/51] ✓  beagle-dog-running-through-green-field-2026-01-05-05-45-41-utc → cani (alta)
[  6/51] ⚙  cat-needing-affection-2026-03-17-20-43-13-utc.jpg → resize...
[  5/51] 🧠 cat-kitten-and-dog-with-happy-expression-together-2026-03-09-07-56-55-utc.jpg → classify...
[  4/51] 🧠 border-collie-portrait-on-black-2026-03-09-08-44-55-utc.jpg → classify...
[  6/51] 🧠 cat-needing-affection-2026-03-17-20-43-13-utc.jpg → classify...
[  5/51] ✓  cat-kitten-and-dog-with-happy-expression-together-2026-03-09-07-56-55-utc → cani (alta)
[  7/51] ⚙  cats-dogs-pets-group-togetherness-isolate-2026-01-09-10-58-18-utc.jpg → resize...
[  7/51] 🧠 cats-dogs-pets-group-togetherness-isolate-2026-01-09-10-58-18-utc.jpg → classify...
[  4/51] ✓  border-collie-portrait-on-black-2026-03-09-08-44-55-utc → cani (alta)
[  8/51] ⚙  cats-portrait-obedient-devon-rex-cat-with-bright-2026-03-20-03-41-36-utc.jpg → resize...
[  6/51] ✓  cat-needing-affection-2026-03-17-20-43-13-utc → persone-pet (alta)
[  9/51] ⚙  close-up-of-a-maltese-in-front-of-a-blue-backgroun-2026-03-09-07-57-04-utc.jpg → resize...
[  8/51] 🧠 cats-portrait-obedient-devon-rex-cat-with-bright-2026-03-20-03-41-36-utc.jpg → classify...
[  9/51] 🧠 close-up-of-a-maltese-in-front-of-a-blue-backgroun-2026-03-09-07-57-04-utc.jpg → classify...
[  7/51] ✓  cats-dogs-pets-group-togetherness-isolate-2026-01-09-10-58-18-utc → cani (alta)
[ 10/51] ⚙  closeup-shot-of-the-snouts-of-a-cute-dog-and-a-cat-2026-01-08-00-23-04-utc.jpeg → resize...
[ 10/51] 🧠 closeup-shot-of-the-snouts-of-a-cute-dog-and-a-cat-2026-01-08-00-23-04-utc.jpeg → classify...
[  8/51] ✓  cats-portrait-obedient-devon-rex-cat-with-bright-2026-03-20-03-41-36-utc → cuccioli (alta)
[ 11/51] ⚙  composition-of-dogs-head-2026-03-09-07-59-14-utc.jpg → resize...
[  9/51] ✓  close-up-of-a-maltese-in-front-of-a-blue-backgroun-2026-03-09-07-57-04-utc → cani (alta)
[ 12/51] ⚙  couple-with-their-two-dogs-beagle-and-greyhound-2026-03-18-05-42-30-utc.jpg → resize...
[ 12/51] 🧠 couple-with-their-two-dogs-beagle-and-greyhound-2026-03-18-05-42-30-utc.jpg → classify...
[ 10/51] ✓  closeup-shot-of-the-snouts-of-a-cute-dog-and-a-cat-2026-01-08-00-23-04-utc → cani (alta)
[ 13/51] ⚙  cute-cat-and-dog-in-green-grass-at-sunset-2026-03-27-01-39-15-utc.jpg → resize...
[ 13/51] 🧠 cute-cat-and-dog-in-green-grass-at-sunset-2026-03-27-01-39-15-utc.jpg → classify...
[ 12/51] ✓  couple-with-their-two-dogs-beagle-and-greyhound-2026-03-18-05-42-30-utc → persone-pet (alta)
[ 14/51] ⚙  cute-puppy-and-kitten-closeup-looking-at-camera-2026-01-05-01-09-12-utc.jpg → resize...
[ 11/51] 🧠 composition-of-dogs-head-2026-03-09-07-59-14-utc.jpg → classify...
[ 13/51] ✓  cute-cat-and-dog-in-green-grass-at-sunset-2026-03-27-01-39-15-utc → persone-pet (alta)
[ 15/51] ⚙  dog-beagle-running-fast-and-jumping-with-tongue-ou-2026-01-05-05-09-45-utc.jpg → resize...
[ 14/51] 🧠 cute-puppy-and-kitten-closeup-looking-at-camera-2026-01-05-01-09-12-utc.jpg → classify...
[ 15/51] 🧠 dog-beagle-running-fast-and-jumping-with-tongue-ou-2026-01-05-05-09-45-utc.jpg → classify...
[ 14/51] ✓  cute-puppy-and-kitten-closeup-looking-at-camera-2026-01-05-01-09-12-utc → persone-pet (alta)
[ 16/51] ⚙  dog-golden-retriever-labrador-in-autumn-at-sunset-2026-03-16-02-11-30-utc.jpg → resize...
[ 11/51] ✓  composition-of-dogs-head-2026-03-09-07-59-14-utc → cani (alta)
[ 17/51] ⚙  dog-resting-on-the-garden-2026-03-18-17-45-57-utc.jpg → resize...
[ 15/51] ✓  dog-beagle-running-fast-and-jumping-with-tongue-ou-2026-01-05-05-09-45-utc → cani (alta)
[ 18/51] ⚙  domestic-adorable-dog-with-multicolored-eyes-in-wh-2026-03-17-03-30-52-utc.jpg → resize...
[ 17/51] 🧠 dog-resting-on-the-garden-2026-03-18-17-45-57-utc.jpg → classify...
[ 16/51] 🧠 dog-golden-retriever-labrador-in-autumn-at-sunset-2026-03-16-02-11-30-utc.jpg → classify...
[ 18/51] 🧠 domestic-adorable-dog-with-multicolored-eyes-in-wh-2026-03-17-03-30-52-utc.jpg → classify...
[ 16/51] ✓  dog-golden-retriever-labrador-in-autumn-at-sunset-2026-03-16-02-11-30-utc → cani (alta)
[ 19/51] ⚙  five-dogheads-from-big-to-small-in-a-row-2026-03-09-09-18-22-utc.jpg → resize...
[ 19/51] 🧠 five-dogheads-from-big-to-small-in-a-row-2026-03-09-09-18-22-utc.jpg → classify...
[ 17/51] ✓  dog-resting-on-the-garden-2026-03-18-17-45-57-utc → cani (alta)
[ 20/51] ⚙  friends-playing-with-cute-puppies-2026-03-20-04-28-19-utc.jpg → resize...
[ 18/51] ✓  domestic-adorable-dog-with-multicolored-eyes-in-wh-2026-03-17-03-30-52-utc → cani (alta)
[ 21/51] ⚙  funny-moments-from-the-life-of-pets-2026-03-17-21-42-35-utc.jpg → resize...
[ 20/51] 🧠 friends-playing-with-cute-puppies-2026-03-20-04-28-19-utc.jpg → classify...
[ 19/51] ✓  five-dogheads-from-big-to-small-in-a-row-2026-03-09-09-18-22-utc → cani (alta)
[ 22/51] ⚙  ginger-kitten-wearing-a-rainbow-hat-sitting-on-edg-2026-03-16-01-15-07-utc.jpg → resize...
[ 21/51] 🧠 funny-moments-from-the-life-of-pets-2026-03-17-21-42-35-utc.jpg → classify...
[ 22/51] 🧠 ginger-kitten-wearing-a-rainbow-hat-sitting-on-edg-2026-03-16-01-15-07-utc.jpg → classify...
[ 20/51] ✓  friends-playing-with-cute-puppies-2026-03-20-04-28-19-utc → persone-pet (alta)
[ 23/51] ⚙  golden-retriever-dog-2026-03-25-02-53-24-utc.jpg → resize...
[ 21/51] ✓  funny-moments-from-the-life-of-pets-2026-03-17-21-42-35-utc → cani (alta)
[ 24/51] ⚙  golden-retriever-dog-pet-retriever-2026-01-07-01-03-13-utc.jpg → resize...
[ 23/51] 🧠 golden-retriever-dog-2026-03-25-02-53-24-utc.jpg → classify...
[ 24/51] 🧠 golden-retriever-dog-pet-retriever-2026-01-07-01-03-13-utc.jpg → classify...
[ 22/51] ✓  ginger-kitten-wearing-a-rainbow-hat-sitting-on-edg-2026-03-16-01-15-07-utc → gatti (alta)
[ 25/51] ⚙  group-portrait-of-adorable-puppies-2026-01-08-00-07-46-utc.jpg → resize...
[ 25/51] 🧠 group-portrait-of-adorable-puppies-2026-01-08-00-07-46-utc.jpg → classify...
[ 24/51] ✓  golden-retriever-dog-pet-retriever-2026-01-07-01-03-13-utc → cuccioli (alta)
[ 26/51] ⚙  happy-friends-group-wearing-winter-clothes-taking-2026-01-07-23-55-03-utc.jpg → resize...
[ 23/51] ✓  golden-retriever-dog-2026-03-25-02-53-24-utc → cani (alta)
[ 27/51] ⚙  happy-little-dog-in-the-arms-of-its-owners-2026-03-19-09-28-30-utc.jpg → resize...
[ 26/51] 🧠 happy-friends-group-wearing-winter-clothes-taking-2026-01-07-23-55-03-utc.jpg → classify...
[ 27/51] 🧠 happy-little-dog-in-the-arms-of-its-owners-2026-03-19-09-28-30-utc.jpg → classify...
[ 25/51] ✓  group-portrait-of-adorable-puppies-2026-01-08-00-07-46-utc → cani (alta)
[ 28/51] ⚙  happy-stylish-hipster-family-hugging-with-their-ca-2026-03-23-23-02-41-utc.JPG → resize...
[ 28/51] 🧠 happy-stylish-hipster-family-hugging-with-their-ca-2026-03-23-23-02-41-utc.JPG → classify...
[ 26/51] ✓  happy-friends-group-wearing-winter-clothes-taking-2026-01-07-23-55-03-utc → persone-pet (alta)
[ 29/51] ⚙  head-shot-of-australian-shepherd-sitting-and-panti-2026-01-09-11-01-54-utc.jpg → resize...
[ 27/51] ✓  happy-little-dog-in-the-arms-of-its-owners-2026-03-19-09-28-30-utc → persone-pet (alta)
[ 30/51] ⚙  headshot-portrait-of-cute-funny-dog-jack-russell-t-2026-01-06-09-03-45-utc.jpg → resize...
[ 29/51] 🧠 head-shot-of-australian-shepherd-sitting-and-panti-2026-01-09-11-01-54-utc.jpg → classify...
[ 30/51] 🧠 headshot-portrait-of-cute-funny-dog-jack-russell-t-2026-01-06-09-03-45-utc.jpg → classify...
[ 28/51] ✓  happy-stylish-hipster-family-hugging-with-their-ca-2026-03-23-23-02-41-utc → persone-pet (alta)
[ 31/51] ⚙  it-s-a-dog-s-world-three-puppy-dogs-contentedly-s-2026-03-13-01-55-17-utc.jpg → resize...
[ 31/51] 🧠 it-s-a-dog-s-world-three-puppy-dogs-contentedly-s-2026-03-13-01-55-17-utc.jpg → classify...
[ 29/51] ✓  head-shot-of-australian-shepherd-sitting-and-panti-2026-01-09-11-01-54-utc → cani (alta)
[ 32/51] ⚙  jack-russell-puppy-isolated-on-pink-background-2026-01-09-11-30-40-utc.jpg → resize...
[ 30/51] ✓  headshot-portrait-of-cute-funny-dog-jack-russell-t-2026-01-06-09-03-45-utc → cani (alta)
[ 33/51] ⚙  jack-russell-terrier-with-paws-up-peeking-over-bla-2026-01-06-10-39-55-utc.jpg → resize...
[ 32/51] 🧠 jack-russell-puppy-isolated-on-pink-background-2026-01-09-11-30-40-utc.jpg → classify...
[ 33/51] 🧠 jack-russell-terrier-with-paws-up-peeking-over-bla-2026-01-06-10-39-55-utc.jpg → classify...
[ 31/51] ✓  it-s-a-dog-s-world-three-puppy-dogs-contentedly-s-2026-03-13-01-55-17-utc → persone-pet (alta)
[ 34/51] ⚙  joyful-jack-russell-terrier-on-yellow-backdrop-2026-01-08-23-02-50-utc.jpg → resize...
[ 34/51] 🧠 joyful-jack-russell-terrier-on-yellow-backdrop-2026-01-08-23-02-50-utc.jpg → classify...
[ 32/51] ✓  jack-russell-puppy-isolated-on-pink-background-2026-01-09-11-30-40-utc → cani (alta)
[ 35/51] ⚙  little-kittens-are-sitting-in-a-cat-bed-little-ki-2026-01-07-00-19-23-utc.jpg → resize...
[ 33/51] ✓  jack-russell-terrier-with-paws-up-peeking-over-bla-2026-01-06-10-39-55-utc → cani (alta)
[ 36/51] ⚙  portrait-of-a-british-shorthair-cat-wearing-a-red-2026-03-24-08-00-26-utc.jpg → resize...
[ 35/51] 🧠 little-kittens-are-sitting-in-a-cat-bed-little-ki-2026-01-07-00-19-23-utc.jpg → classify...
[ 34/51] ✓  joyful-jack-russell-terrier-on-yellow-backdrop-2026-01-08-23-02-50-utc → cani (alta)
[ 37/51] ⚙  portrait-of-a-miniature-schnauzer-in-a-park-under-2026-03-18-12-19-23-utc.jpg → resize...
[ 36/51] 🧠 portrait-of-a-british-shorthair-cat-wearing-a-red-2026-03-24-08-00-26-utc.jpg → classify...
[ 37/51] 🧠 portrait-of-a-miniature-schnauzer-in-a-park-under-2026-03-18-12-19-23-utc.jpg → classify...
[ 35/51] ✓  little-kittens-are-sitting-in-a-cat-bed-little-ki-2026-01-07-00-19-23-utc → cuccioli (alta)
[ 38/51] ⚙  portrait-of-golden-retriever-dog-2026-03-17-00-04-36-utc.jpg → resize...
[ 38/51] 🧠 portrait-of-golden-retriever-dog-2026-03-17-00-04-36-utc.jpg → classify...
[ 36/51] ✓  portrait-of-a-british-shorthair-cat-wearing-a-red-2026-03-24-08-00-26-utc → gatti (alta)
[ 37/51] ✓  portrait-of-a-miniature-schnauzer-in-a-park-under-2026-03-18-12-19-23-utc → cani (alta)
[ 40/51] ⚙  selective-focus-shot-of-an-adorable-kooikerhondje-2026-03-18-06-44-27-utc.jpeg → resize...
[ 39/51] ⚙  rear-side-of-audiences-sitting-and-listening-the-s-2026-01-05-06-16-45-utc.jpg → resize...
[ 40/51] 🧠 selective-focus-shot-of-an-adorable-kooikerhondje-2026-03-18-06-44-27-utc.jpeg → classify...
[ 39/51] 🧠 rear-side-of-audiences-sitting-and-listening-the-s-2026-01-05-06-16-45-utc.jpg → classify...
[ 38/51] ✓  portrait-of-golden-retriever-dog-2026-03-17-00-04-36-utc → cani (alta)
[ 41/51] ⚙  senior-man-using-laptop-sitting-on-sofa-with-his-t-2026-03-11-00-54-12-utc.jpg → resize...
[ 40/51] ✓  selective-focus-shot-of-an-adorable-kooikerhondje-2026-03-18-06-44-27-utc → cani (alta)
[ 42/51] ⚙  seven-dog-portrait-2026-03-09-09-16-41-utc.jpg → resize...
[ 39/51] ✓  rear-side-of-audiences-sitting-and-listening-the-s-2026-01-05-06-16-45-utc → altro (alta)
[ 43/51] ⚙  shorthair-gray-cat-with-winking-eye-looking-straig-2026-03-25-05-09-58-utc.jpg → resize...
[ 41/51] 🧠 senior-man-using-laptop-sitting-on-sofa-with-his-t-2026-03-11-00-54-12-utc.jpg → classify...
[ 42/51] 🧠 seven-dog-portrait-2026-03-09-09-16-41-utc.jpg → classify...
[ 43/51] 🧠 shorthair-gray-cat-with-winking-eye-looking-straig-2026-03-25-05-09-58-utc.jpg → classify...
[ 41/51] ✓  senior-man-using-laptop-sitting-on-sofa-with-his-t-2026-03-11-00-54-12-utc → persone-pet (alta)
[ 44/51] ⚙  small-cute-gray-cat-kitten-in-grass-2026-03-23-23-49-56-utc.jpg → resize...
[ 42/51] ✓  seven-dog-portrait-2026-03-09-09-16-41-utc → cani (alta)
[ 45/51] ⚙  spitz-dog-wedding-couple-2026-03-09-05-23-29-utc.jpg → resize...
[ 44/51] 🧠 small-cute-gray-cat-kitten-in-grass-2026-03-23-23-49-56-utc.jpg → classify...
[ 45/51] 🧠 spitz-dog-wedding-couple-2026-03-09-05-23-29-utc.jpg → classify...
[ 43/51] ✓  shorthair-gray-cat-with-winking-eye-looking-straig-2026-03-25-05-09-58-utc → gatti (alta)
[ 46/51] ⚙  standing-on-the-legs-beautiful-golden-retriever-d-2026-03-24-03-52-18-utc.jpg → resize...
[ 46/51] 🧠 standing-on-the-legs-beautiful-golden-retriever-d-2026-03-24-03-52-18-utc.jpg → classify...
[ 44/51] ✓  small-cute-gray-cat-kitten-in-grass-2026-03-23-23-49-56-utc → gatti (alta)
[ 47/51] ⚙  striped-cat-sits-on-a-wooden-floor-paws-whis-2026-01-07-01-29-39-utc.jpg → resize...
[ 47/51] 🧠 striped-cat-sits-on-a-wooden-floor-paws-whis-2026-01-07-01-29-39-utc.jpg → classify...
[ 46/51] ✓  standing-on-the-legs-beautiful-golden-retriever-d-2026-03-24-03-52-18-utc → cani (alta)
[ 48/51] ⚙  stylish-european-shorthair-wearing-a-suit-and-sung-2026-03-09-07-57-58-utc.jpg → resize...
[ 47/51] ✓  striped-cat-sits-on-a-wooden-floor-paws-whis-2026-01-07-01-29-39-utc → gatti (alta)
[ 49/51] ⚙  top-view-of-two-adorable-welsh-corgi-dogs-laying-o-2026-03-12-23-51-58-utc.jpg → resize...
[ 45/51] ✓  spitz-dog-wedding-couple-2026-03-09-05-23-29-utc → cani (alta)
[ 50/51] ⚙  training-of-puppy-rottweiler-2026-03-16-00-35-27-utc.jpg → resize...
[ 48/51] 🧠 stylish-european-shorthair-wearing-a-suit-and-sung-2026-03-09-07-57-58-utc.jpg → classify...
[ 49/51] 🧠 top-view-of-two-adorable-welsh-corgi-dogs-laying-o-2026-03-12-23-51-58-utc.jpg → classify...
[ 50/51] 🧠 training-of-puppy-rottweiler-2026-03-16-00-35-27-utc.jpg → classify...
[ 48/51] ✓  stylish-european-shorthair-wearing-a-suit-and-sung-2026-03-09-07-57-58-utc → gatti (alta)
[ 51/51] ⚙  wedding-guests-2026-03-09-05-20-24-utc.jpg → resize...
[ 49/51] ✓  top-view-of-two-adorable-welsh-corgi-dogs-laying-o-2026-03-12-23-51-58-utc → cani (alta)
[ 51/51] 🧠 wedding-guests-2026-03-09-05-20-24-utc.jpg → classify...
[ 51/51] ✓  wedding-guests-2026-03-09-05-20-24-utc → cani (alta)
[ 50/51] ✓  training-of-puppy-rottweiler-2026-03-16-00-35-27-utc → cani (alta)

============ REPORT ============
Foto input:      51
Processate:      51
Skippate:        0
Fallite:         0
Tempo totale:    63.8s
Originali:       532.2 MB
Output totali:   28.2 MB
Risparmio:       504.0 MB
Token input:     28161
Token output:    10019

Distribuzione per categoria:
  cani                   30
  persone-pet            10
  gatti                  7
  cuccioli               3
  altro                  1

Confidenza: alta=51 media=0 bassa=0
Manifest: app/scripts/picodg-manifest.json
